2026-07-30T22:22:31Z INF Thank you for trying Cloudflare Tunnel. Doing so, without a Cloudflare account, is a quick way to experiment and try it out. However, be aware that these account-less Tunnels have no uptime guarantee, are subject to the Cloudflare Online Services Terms of Use (https://www.cloudflare.com/website-terms/), and Cloudflare reserves the right to investigate your use of Tunnels for violations of such terms. If you intend to use Tunnels in production you should use a pre-created named tunnel by following: https://developers.cloudflare.com/cloudflare-one/connections/connect-apps
2026-07-30T22:22:31Z INF Requesting new quick Tunnel on trycloudflare.com...
2026-07-30T22:22:34Z INF +--------------------------------------------------------------------------------------------+
2026-07-30T22:22:34Z INF |  Your quick Tunnel has been created! Visit it at (it may take some time to be reachable):  |
2026-07-30T22:22:34Z INF |  https://iowa-campus-latin-carrier.trycloudflare.com                                       |
2026-07-30T22:22:34Z INF +--------------------------------------------------------------------------------------------+
2026-07-30T22:22:34Z INF Cannot determine default configuration path. No file [config.yml config.yaml] in [~/.cloudflared ~/.cloudflare-warp ~/cloudflare-warp /etc/cloudflared /usr/local/etc/cloudflared]
2026-07-30T22:22:34Z INF Version 2026.7.3 (Checksum 8e8a9d5fd3e30334773745982a9088e20109ccbd4003472a766d20ab9c1c1024)
2026-07-30T22:22:34Z INF GOOS: darwin, GOVersion: go1.26.5, GoArch: arm64
2026-07-30T22:22:34Z INF Settings: map[ha-connections:1 no-autoupdate:true protocol:quic url:http://127.0.0.1:3000]
2026-07-30T22:22:34Z INF cloudflared will not automatically update if installed by a package manager.
2026-07-30T22:22:34Z INF Generated Connector ID: c273e14c-19ed-4b90-97f1-43b40f8338b7
2026-07-30T22:22:34Z INF Initial protocol quic
2026-07-30T22:22:34Z INF ICMP proxy will use 10.0.0.169 as source for IPv4
2026-07-30T22:22:34Z INF ICMP proxy will use fe80::4a8:2535:f3ff:90dd in zone en0 as source for IPv6
2026-07-30T22:22:34Z INF Created ICMP proxy listening on 10.0.0.169:0
2026-07-30T22:22:34Z INF ICMP proxy will use 10.0.0.169 as source for IPv4
2026-07-30T22:22:34Z INF ICMP proxy will use fe80::4a8:2535:f3ff:90dd in zone en0 as source for IPv6
2026-07-30T22:22:34Z INF Starting metrics server on 127.0.0.1:20242/metrics
2026-07-30T22:22:34Z INF Tunnel connection curve preferences: [X25519MLKEM768 CurveID(65074) CurveP256] connIndex=0 event=0 ip=2606:4700:a0::3
2026-07-30T22:22:35Z INF Registered tunnel connection connIndex=0 connection=82abac3a-f794-4d40-a54a-55d86ee7f42c event=0 ip=2606:4700:a0::3 location=den03 protocol=quic
2026-07-30T22:22:35Z INF +-------------------------------------------------------------------------------------+
2026-07-30T22:22:35Z INF |                               CONNECTIVITY PRE-CHECKS                               |
2026-07-30T22:22:35Z INF +-------------------------------------------------------------------------------------+
2026-07-30T22:22:35Z INF |  COMPONENT         TARGET                     STATUS  DETAILS                       |
2026-07-30T22:22:35Z INF |  DNS Resolution    region1.v2.argotunnel.com  PASS    DNS Resolved successfully     |
2026-07-30T22:22:35Z INF |  DNS Resolution    region2.v2.argotunnel.com  PASS    DNS Resolved successfully     |
2026-07-30T22:22:35Z INF |  UDP Connectivity  region1.v2.argotunnel.com  PASS    QUIC connection successful    |
2026-07-30T22:22:35Z INF |  UDP Connectivity  region2.v2.argotunnel.com  PASS    QUIC connection successful    |
2026-07-30T22:22:35Z INF |  TCP Connectivity  region1.v2.argotunnel.com  PASS    HTTP/2 connection successful  |
2026-07-30T22:22:35Z INF |  TCP Connectivity  region2.v2.argotunnel.com  PASS    HTTP/2 connection successful  |
2026-07-30T22:22:35Z INF |  Cloudflare API    api.cloudflare.com:443     PASS    API is reachable              |
2026-07-30T22:22:35Z INF |                                                                                     |
2026-07-30T22:22:35Z INF |  SUMMARY: Environment is healthy. cloudflared will use 'quic' as primary protocol.  |
2026-07-30T22:22:35Z INF +-------------------------------------------------------------------------------------+
2026-07-30T22:22:35Z INF precheck component="DNS Resolution" details="DNS Resolved successfully" run_id=8e9c1cf7-5224-4dbf-ae52-0be3269dd44b status=pass target=region1.v2.argotunnel.com
2026-07-30T22:22:35Z INF precheck component="DNS Resolution" details="DNS Resolved successfully" run_id=8e9c1cf7-5224-4dbf-ae52-0be3269dd44b status=pass target=region2.v2.argotunnel.com
2026-07-30T22:22:35Z INF precheck component="UDP Connectivity" details="QUIC connection successful" run_id=8e9c1cf7-5224-4dbf-ae52-0be3269dd44b status=pass target=region1.v2.argotunnel.com
2026-07-30T22:22:35Z INF precheck component="UDP Connectivity" details="QUIC connection successful" run_id=8e9c1cf7-5224-4dbf-ae52-0be3269dd44b status=pass target=region2.v2.argotunnel.com
2026-07-30T22:22:35Z INF precheck component="TCP Connectivity" details="HTTP/2 connection successful" run_id=8e9c1cf7-5224-4dbf-ae52-0be3269dd44b status=pass target=region1.v2.argotunnel.com
2026-07-30T22:22:35Z INF precheck component="TCP Connectivity" details="HTTP/2 connection successful" run_id=8e9c1cf7-5224-4dbf-ae52-0be3269dd44b status=pass target=region2.v2.argotunnel.com
2026-07-30T22:22:35Z INF precheck component="Cloudflare API" details="API is reachable" run_id=8e9c1cf7-5224-4dbf-ae52-0be3269dd44b status=pass target=api.cloudflare.com:443
2026-07-30T22:22:35Z INF precheck complete hard_fail=false run_id=8e9c1cf7-5224-4dbf-ae52-0be3269dd44b suggested_protocol=quic
